src/components/brand/animated-logo.tsx(94,25): error TS2322: Type '{ open: { width: number; x: number; transition: { type: string; stiffness: number; damping: number; mass: number; }; }; collapsed: { width: number; x: number; transition: { type: string; stiffness: number; damping: number; mass: number; }; }; }' is not assignable to type 'Variants'.
  Property 'open' is incompatible with index signature.
    Type '{ width: number; x: number; transition: { type: string; stiffness: number; damping: number; mass: number; }; }' is not assignable to type 'Variant'.
      Type '{ width: number; x: number; transition: { type: string; stiffness: number; damping: number; mass: number; }; }' is not assignable to type 'TargetAndTransition'.
        Type '{ width: number; x: number; transition: { type: string; stiffness: number; damping: number; mass: number; }; }' is not assignable to type '{ transition?: Transition<any> | undefined; transitionEnd?: ResolvedValues | undefined; }'.
          Types of property 'transition' are incompatible.
            Type '{ type: string; stiffness: number; damping: number; mass: number; }' is not assignable to type 'Transition<any> | undefined'.
              Type '{ type: string; stiffness: number; damping: number; mass: number; }' is not assignable to type 'TransitionWithValueOverrides<any>'.
                Type '{ type: string; stiffness: number; damping: number; mass: number; }' is not assignable to type 'ValueAnimationTransition<any>'.
                  Types of property 'type' are incompatible.
                    Type 'string' is not assignable to type 'AnimationGeneratorType | undefined'.
src/components/brand/animated-logo.tsx(104,25): error TS2322: Type '{ open: { width: number; x: number; transition: { type: string; stiffness: number; damping: number; mass: number; }; }; collapsed: { width: number; x: number; transition: { type: string; stiffness: number; damping: number; mass: number; }; }; }' is not assignable to type 'Variants'.
  Property 'open' is incompatible with index signature.
    Type '{ width: number; x: number; transition: { type: string; stiffness: number; damping: number; mass: number; }; }' is not assignable to type 'Variant'.
      Type '{ width: number; x: number; transition: { type: string; stiffness: number; damping: number; mass: number; }; }' is not assignable to type 'TargetAndTransition'.
        Type '{ width: number; x: number; transition: { type: string; stiffness: number; damping: number; mass: number; }; }' is not assignable to type '{ transition?: Transition<any> | undefined; transitionEnd?: ResolvedValues | undefined; }'.
          Types of property 'transition' are incompatible.
            Type '{ type: string; stiffness: number; damping: number; mass: number; }' is not assignable to type 'Transition<any> | undefined'.
              Type '{ type: string; stiffness: number; damping: number; mass: number; }' is not assignable to type 'TransitionWithValueOverrides<any>'.
                Type '{ type: string; stiffness: number; damping: number; mass: number; }' is not assignable to type 'ValueAnimationTransition<any>'.
                  Types of property 'type' are incompatible.
                    Type 'string' is not assignable to type 'AnimationGeneratorType | undefined'.
src/components/brand/animated-logo.tsx(135,25): error TS2322: Type '{ open: { x: number; transition: { type: string; stiffness: number; damping: number; mass: number; }; }; collapsed: { x: number; transition: { type: string; stiffness: number; damping: number; mass: number; }; }; }' is not assignable to type 'Variants'.
  Property 'open' is incompatible with index signature.
    Type '{ x: number; transition: { type: string; stiffness: number; damping: number; mass: number; }; }' is not assignable to type 'Variant'.
      Type '{ x: number; transition: { type: string; stiffness: number; damping: number; mass: number; }; }' is not assignable to type 'TargetAndTransition'.
        Type '{ x: number; transition: { type: string; stiffness: number; damping: number; mass: number; }; }' is not assignable to type '{ transition?: Transition<any> | undefined; transitionEnd?: ResolvedValues | undefined; }'.
          Types of property 'transition' are incompatible.
            Type '{ type: string; stiffness: number; damping: number; mass: number; }' is not assignable to type 'Transition<any> | undefined'.
              Type '{ type: string; stiffness: number; damping: number; mass: number; }' is not assignable to type 'TransitionWithValueOverrides<any>'.
                Type '{ type: string; stiffness: number; damping: number; mass: number; }' is not assignable to type 'ValueAnimationTransition<any>'.
                  Types of property 'type' are incompatible.
                    Type 'string' is not assignable to type 'AnimationGeneratorType | undefined'.
src/components/campaigns/node-config-modal.tsx(6,22): error TS2307: Cannot find module 'reactflow' or its corresponding type declarations.
src/components/campaigns/node-config-modal.tsx(80,29): error TS2339: Property 'list' does not exist on type '{ listCampaigns: () => Promise<Campaign[]>; createCampaign: (data: { name: string; description?: string | undefined; session_id?: string | undefined; type?: string | undefined; }) => Promise<...>; ... 4 more ...; publishFlow: (id: string) => Promise<...>; }'.
src/components/campaigns/node-configs/agent-config.tsx(19,22): error TS2322: Type 'number' is not assignable to type 'Level'.
src/components/campaigns/node-configs/agent-config.tsx(19,37): error TS2322: Type 'number' is not assignable to type 'Level'.
src/components/campaigns/node-configs/agent-config.tsx(19,61): error TS2322: Type 'number' is not assignable to type 'Level'.
src/components/campaigns/node-configs/agent-config.tsx(19,80): error TS2322: Type 'number' is not assignable to type 'Level'.
src/components/campaigns/node-configs/agent-config.tsx(19,101): error TS2322: Type 'number' is not assignable to type 'Level'.
src/components/campaigns/node-configs/agent-config.tsx(20,21): error TS2322: Type 'number' is not assignable to type 'PleasureLevel'.
src/components/campaigns/node-configs/agent-config.tsx(20,36): error TS2322: Type 'number' is not assignable to type 'PADLevel'.
src/components/campaigns/node-configs/agent-config.tsx(20,50): error TS2322: Type 'number' is not assignable to type 'DominanceLevel'.
src/components/campaigns/node-configs/agent-config.tsx(21,20): error TS2353: Object literal may only specify known properties, and 'formality' does not exist in type '{ reduction_profile: "CORPORATE" | "BALANCED" | "NATIVE"; caps_mode: "STANDARD" | "SENTENCE_CASE" | "LOWERCASE_ONLY" | "CHAOTIC"; correction_style: "ASTERISK_PRE" | "ASTERISK_POST" | "BARE_CORRECTION" | "EXPLANATORY"; typo_injection: "LOW" | ... 1 more ... | "NONE"; }'.
src/components/campaigns/node-configs/agent-config.tsx(22,42): error TS2322: Type 'number' is not assignable to type '"LOW" | "MEDIUM" | "HIGH" | "NONE"'.
src/components/campaigns/node-configs/agent-config.tsx(25,41): error TS2353: Object literal may only specify known properties, and 'critical_slots' does not exist in type '{ framework: SalesFramework; slots: QualificationSlot[]; }'.
src/components/campaigns/node-configs/agent-config.tsx(62,27): error TS2339: Property 'role' does not exist on type 'Agent'.
src/components/campaigns/node-configs/agent-config.tsx(253,98): error TS2339: Property 'role' does not exist on type 'Agent'.
src/services/facebookAdsService.ts(1,10): error TS2614: Module '"./api"' has no exported member 'api'. Did you mean to use 'import api from "./api"' instead?
