  console.log
    Minimal setup loaded successfully

      at Object.<anonymous> (tests/setup_minimal.js:1:49)

node.exe : FAIL tests/integration/CreditConsumption.test.js
No linha:1 caractere:1
+ & "C:\Program Files\nodejs/node.exe" "C:\Program 
Files\nodejs/node_mo ...
+ ~~~~~~~~~~~~~~~~~~~~~~~~~~~~~~~~~~~~~~~~~~~~~~~~~~~~~~~~~
~~~~~~~~~~~~
    + CategoryInfo          : NotSpecified: (FAIL tests/in 
   te...umption.test.js:String) [], RemoteException
    + FullyQualifiedErrorId : NativeCommandError
 
  Integration: Credit Consumption in Chat
    ├ù should deduct credits AND send message when balance 
is sufficient (Feature Flag ON) (5 ms)
    ÔêÜ should FAIL to send message calling Waha if 
credits are insufficient (Feature Flag ON) (3 ms)
    ├ù should SEND message WITHOUT deducting if Feature 
Flag is OFF

  ÔùÅ Integration: Credit Consumption in Chat ÔÇ║ should 
deduct credits AND send message when balance is sufficient 
(Feature Flag ON)

    expect(jest.fn()).toHaveBeenCalledWith(...expected)

    Expected: "billing_ledger"
    Received
           1: "chats"
           2: "messages"

    Number of calls: 2

    [0m [90m 78 |[39m
     [90m 79 |[39m         [90m// Verify Deduction[39m
    [31m[1m>[22m[39m[90m 80 |[39m         expect(mock
Supabase[33m.[39m[36mfrom[39m)[33m.[39mtoHaveBeenCall
edWith([32m'billing_ledger'[39m)[33m;[39m
     [90m    |[39m                                   
[31m[1m^[22m[39m
     [90m 81 |[39m         expect(mockSupabase[33m.[39m
insert)[33m.[39mtoHaveBeenCalledWith(expect[33m.[39mobj
ectContaining({
     [90m 82 |[39m             user_id[33m:[39m 
userId[33m,[39m
     [90m 83 |[39m             amount[33m:[39m 
[33m-[39m[35m1[39m[33m,[39m[0m

      at Object.toHaveBeenCalledWith 
(tests/integration/CreditConsumption.test.js:80:35)

  ÔùÅ Integration: Credit Consumption in Chat ÔÇ║ should 
SEND message WITHOUT deducting if Feature Flag is OFF

    TypeError: 
this.supabase.from(...).select(...).eq(...).single is not 
a function

    [0m [90m 210 |[39m                     
[33m.[39mselect([32m'id'[39m)
     [90m 211 |[39m                     
[33m.[39meq([32m'chat_id'[39m[33m,[39m chatId)
    [31m[1m>[22m[39m[90m 212 |[39m                   
  [33m.[39msingle()[33m;[39m
     [90m     |[39m                      
[31m[1m^[22m[39m
     [90m 213 |[39m
     [90m 214 |[39m                 [90m// If chat 
doesn't exist, ensure it does (e.g., for outbound messages 
to new contacts)[39m
     [90m 215 |[39m                 [36mif[39m 
([33m![39mchat) {[0m

      at ChatService.single [as sendMessage] 
(src/core/services/chat/ChatService.js:212:22)
      at Object.<anonymous> 
(tests/integration/CreditConsumption.test.js:138:9)

Test Suites: 1 failed, 1 total
Tests:       2 failed, 1 passed, 3 total
Snapshots:   0 total
Time:        0.466 s, estimated 1 s
Ran all test suites matching 
/tests\\integration\\CreditConsumption.test.js/i.
